../Core/Src/main.c:114:5:main	8	static
../Core/Src/main.c:191:6:SystemClock_Config	88	static
../Core/Src/main.c:238:13:MX_CAN1_Init	8	static
../Core/Src/main.c:275:13:MX_I2C1_Init	8	static
../Core/Src/main.c:309:13:MX_SPI1_Init	8	static
../Core/Src/main.c:347:13:MX_TIM2_Init	40	static
../Core/Src/main.c:395:13:MX_TIM3_Init	48	static
../Core/Src/main.c:443:13:MX_TIM7_Init	16	static
../Core/Src/main.c:481:13:MX_GPIO_Init	48	static
../Core/Src/main.c:515:5:CAN_Filter_Config	16	static
../Core/Src/main.c:529:5:CAN_Header_Config	16	static
../Core/Src/main.c:537:5:CAN_Starter	16	static
../Core/Src/main.c:550:6:CTRL_Reg_Set	16	static
../Core/Src/main.c:560:6:TORQUE_Reg_Set	16	static
../Core/Src/main.c:569:6:STATUS_Reg_Set	8	static
../Core/Src/main.c:575:10:RegAccess	32	static
../Core/Src/main.c:602:6:Error_Handler	4	static,ignoring_inline_asm
