../Core/Src/stm32f4xx_it.c:101:6:NMI_Handler	4	static
../Core/Src/stm32f4xx_it.c:116:6:HardFault_Handler	4	static
../Core/Src/stm32f4xx_it.c:131:6:MemManage_Handler	4	static
../Core/Src/stm32f4xx_it.c:146:6:BusFault_Handler	4	static
../Core/Src/stm32f4xx_it.c:161:6:UsageFault_Handler	4	static
../Core/Src/stm32f4xx_it.c:176:6:SVC_Handler	4	static
../Core/Src/stm32f4xx_it.c:189:6:DebugMon_Handler	4	static
../Core/Src/stm32f4xx_it.c:202:6:PendSV_Handler	4	static
../Core/Src/stm32f4xx_it.c:215:6:SysTick_Handler	8	static
../Core/Src/stm32f4xx_it.c:236:6:CAN1_RX0_IRQHandler	8	static
../Core/Src/stm32f4xx_it.c:252:6:TIM2_IRQHandler	8	static
../Core/Src/stm32f4xx_it.c:266:6:TIM7_IRQHandler	8	static
../Core/Src/stm32f4xx_it.c:287:6:My_CAN_Rx_Handler	40	static
../Core/Src/stm32f4xx_it.c:350:7:Ticks_To_Angle	16	static
../Core/Src/stm32f4xx_it.c:354:7:read_angle	48	static
../Core/Src/stm32f4xx_it.c:371:6:Angle_To_CAN_Data	32	static
